// Jest Snapshot v1, https://goo.gl/fbAQLP

exports[`<SidebarTasks /> component should render 1`] = `undefined`;
